// Jest Snapshot v1, https://goo.gl/fbAQLP

exports[`Render Header 1`] = `
<header>
  <h1>
    Expensify
  </h1>
  <NavLink
    activeClassName="is-active"
    exact={true}
    to="/"
  >
    Inicio/
  </NavLink>
  <NavLink
    activeClassName="is-active"
    to="/create"
  >
    Crear Gasto/
  </NavLink>
</header>
`;
