// Jest Snapshot v1, https://goo.gl/fbAQLP

exports[`NotFoundPage 1`] = `
<div>
  404 - 
  <Link
    replace={false}
    to="/"
  >
    Ir a Inicio
  </Link>
</div>
`;
